---
source: src/parser.rs
expression: "Hello { name }, good to meet you"
---
[
    Text(
        "Hello { name }, good to meet you",
    ),
]
