---
source: src/renderer.rs
expression: "{> with name as StringTree\nHello {[ name ]}, good to meet you"
snapshot_kind: text
---
// DO NOT EDIT: Code generated by matcha from -test-

import gleam/string_tree.{type StringTree}



pub fn render_tree(name name: StringTree) -> StringTree {
    let tree = string_tree.from_string("")
    let tree = string_tree.append(tree, "Hello ")
    let tree = string_tree.append_tree(tree, name)
    let tree = string_tree.append(tree, ", good to meet you")

    tree
}

pub fn render(name name: StringTree) -> String {
    string_tree.to_string(render_tree(name: name))
}
