---
source: src/renderer.rs
expression: "{> import gleam/string\nHello {{ string.uppercase(name) }}, good to meet you"
---
// DO NOT EDIT: Code generated by matcha from -test-

import gleam/string_tree.{type StringTree}

import gleam/string

pub fn render_builder() -> StringTree {
    let builder = string_tree.from_string("")
    let builder = string_tree.append(builder, "Hello ")
    let builder = string_tree.append(builder, string.uppercase(name))
    let builder = string_tree.append(builder, ", good to meet you")

    builder
}

pub fn render() -> String {
    string_tree.to_string(render_builder())
}
