---
source: src/main.rs
assertion_line: 446
expression: "Hello {{ name }}, good to meet you"

---
[
    Text(
        "Hello ",
    ),
    Indentifier(
        "name",
    ),
    Text(
        ", good to meet you",
    ),
]
