---
source: src/parser.rs
assertion_line: 332
expression: "Hello {[ name ]}, good to meet you"

---
[
    Text(
        "Hello ",
    ),
    Builder(
        "name",
    ),
    Text(
        ", good to meet you",
    ),
]
